// Jest Snapshot v1, https://goo.gl/fbAQLP

exports[`WeatherCurrentComponent ngOnInit weatherCurrent$ 1`] = `
Object {
  "base": "",
  "clouds": undefined,
  "cod": 0,
  "coord": undefined,
  "dt": 0,
  "id": 0,
  "main": undefined,
  "name": "Name",
  "sys": undefined,
  "visibility": 10,
  "weather": Array [],
  "weatherCondition": undefined,
  "wind": undefined,
}
`;
